// Jest Snapshot v1, https://jestjs.io/docs/snapshot-testing

exports[`renders correctly 1`] = `
<DocumentFragment>
  <div
    class="main"
  >
    <h3>
      Hello 
      <img
        src="SvgrURL"
        style="width: 1em;"
      />
       
      <div
        style="width: 1em;"
      >
        [Mocked SVG]
      </div>
      World 
      <a
        href="https://true.io"
      >
        True IO
      </a>
      <span
        style="width: 10px; height: 10px; display: inline-block;"
      >
        <div>
          [Mocked SVG]
        </div>
      </span>
    </h3>
    <p
      class="mountainTop"
    >
      Ok again 
      <img
        src="FileURL"
      />
       /hi/bob/test.txt /repos/:owner/:repo/issues/:number /2/
    </p>
    <p
      class="silly"
    >
      $text-color: textColor
    </p>
    <p>
      <img
        src="SvgrURL"
      />
    </p>
    <code>
      &lt;html&gt;
  &lt;body&gt;&lt;h1&gt;My HTML Works&lt;/h1&gt;&lt;/body&gt;
&lt;/html&gt;

    </code>
  </div>
</DocumentFragment>
`;
